// Jest Snapshot v1, https://goo.gl/fbAQLP

exports[`[POST] /hobbits responds with the newly created hobbit 1`] = `
Object {
  "id": 5,
  "lady": "gaga",
  "name": "bilbo",
}
`;
